// Jest Snapshot v1, https://goo.gl/fbAQLP

exports[`should render EditExpensePage 1`] = `
<div>
  <h3>
    Edit Expense
  </h3>
  <ExpenseForm
    expenseToEdit={
      Object {
        "amount": 5000,
        "createdAt": -259200000,
        "description": "coffee",
        "id": "2",
        "note": "",
      }
    }
    onSubmit={[Function]}
  />
  <button
    onClick={[Function]}
  >
    Delete
  </button>
</div>
`;
