// Jest Snapshot v1, https://goo.gl/fbAQLP

exports[`should render count and total with multiple expenses 1`] = `
<div>
  <h1>
    Viewing 
     
    expenses
     totalling 
    $0
  </h1>
</div>
`;

exports[`should render count and total with single expense 1`] = `
<div>
  <h1>
    Viewing 
     
    expenses
     totalling 
    $0
  </h1>
</div>
`;
